// Vitest Snapshot v1, https://vitest.dev/guide/snapshot.html

exports[`downsample() > downsample all columns in tabular data 1`] = `
[
  [
    [
      0,
      2,
    ],
    [
      2,
      6,
    ],
    [
      4,
      2,
    ],
    [
      7,
      8,
    ],
    [
      9,
      4,
    ],
  ],
  [
    [
      0,
      9,
    ],
    [
      1,
      1,
    ],
    [
      4,
      9,
    ],
    [
      8,
      1,
    ],
    [
      9,
      5,
    ],
  ],
]
`;
